// Jest Snapshot v1, https://goo.gl/fbAQLP

exports[`Chat component renders the Chat component 1`] = `
<div
  className="bg-gradient-to-br from-cyan-300 via-cyan-100 to-blue-900 w-screen h-screen sm:p-5"
>
  <div
    className="bg-white border border-gray-200 rounded flex h-full"
  >
    <div
      className="w-full sm:w-1/2 md:w-1/3 lg:w-1/4 h-full overflow-y-auto scrollbar-thumb-blue scrollbar-thumb-rounded scrollbar-track-blue-lighter scrollbar-w-2 scrolling-touch"
    >
      <div
        className="border-b border-gray-200 p-3 relative flex justify-between"
      >
        <button
          className="flex items-start select-none font-semibold focus:outline-none"
        >
          <a
            className="flex"
            href="/dashboard"
            onClick={[Function]}
          >
            <img
              alt="logo"
              src="/contact.png"
              width={40}
            />
            <span
              className="text-lg text-cyan-400 font-bold ml-2 mt-2"
            >
              DiContact
            </span>
          </a>
        </button>
        <a
          className="bg-red-200 p-2 flex items-center rounded-md"
          href="/"
          onClick={[Function]}
          title="Shutdown"
        >
          <svg
            className="text-red-500 text-xl font-bold"
            fill="currentColor"
            height="1em"
            stroke="currentColor"
            strokeWidth="0"
            style={
              {
                "color": undefined,
              }
            }
            viewBox="0 0 24 24"
            width="1em"
            xmlns="http://www.w3.org/2000/svg"
          >
            <path
              d="M6.26489 3.80698L7.41191 5.44558C5.34875 6.89247 4 9.28873 4 12C4 16.4183 7.58172 20 12 20C16.4183 20 20 16.4183 20 12C20 9.28873 18.6512 6.89247 16.5881 5.44558L17.7351 3.80698C20.3141 5.61559 22 8.61091 22 12C22 17.5228 17.5228 22 12 22C6.47715 22 2 17.5228 2 12C2 8.61091 3.68594 5.61559 6.26489 3.80698ZM11 12V2H13V12H11Z"
            />
          </svg>
        </a>
      </div>
      <div
        className="flex items-center justify-between text-sm border-b border-gray-200"
      >
        <div>
          <button
            className="py-3 w-20 uppercase font-semibold select-none h-full focus:outline-none border-b border-black"
          >
            Primary
          </button>
          <button
            className="py-3 w-20 uppercase text-gray-400 select-none h-full focus:outline-none border-b border-transparent"
          >
            General
          </button>
        </div>
        <button
          className="p-3 font-semibold text-blue-500 select-none h-full focus:outline-none border-b border-transparent"
        >
          2
           Contacts
        </button>
      </div>
      <ul
        className="py-1 contact-list"
      >
        <li
          className="border-b cursor-pointer contact-item"
        >
          <div
            className="flex items-center justify-between w-full px-4 py-0.5 select-none hover:bg-gray-100 focus:outline-none relative"
          >
            <div
              className="flex pr-20"
              onClick={[Function]}
            >
              <img
                alt="Photo profile"
                className="w-12 mr-3 h-12 border-cyan-500 rounded-full border-2 p-0.5"
                src="janesmith.png"
              />
              <div
                className="block"
              >
                <h3
                  className="font-semibold capitalize -mb-1 truncate w-40"
                >
                   
                  Smith
                </h3>
                <span
                  className="text-xs text-gray-500"
                >
                  Age: 
                </span>
              </div>
            </div>
            <button
              className="p-2 top-1/2 transform mt-8 -translate-y-1/2"
              onClick={[Function]}
            >
              <svg
                fill="currentColor"
                height="1em"
                stroke="currentColor"
                strokeWidth="0"
                style={
                  {
                    "color": undefined,
                  }
                }
                viewBox="0 0 16 16"
                width="1em"
                xmlns="http://www.w3.org/2000/svg"
              >
                <path
                  d="M9.5 13a1.5 1.5 0 1 1-3 0 1.5 1.5 0 0 1 3 0zm0-5a1.5 1.5 0 1 1-3 0 1.5 1.5 0 0 1 3 0zm0-5a1.5 1.5 0 1 1-3 0 1.5 1.5 0 0 1 3 0z"
                />
              </svg>
            </button>
          </div>
        </li>
        <li
          className="border-b cursor-pointer contact-item"
        >
          <div
            className="flex items-center justify-between w-full px-4 py-0.5 select-none hover:bg-gray-100 focus:outline-none relative"
          >
            <div
              className="flex pr-20"
              onClick={[Function]}
            >
              <img
                alt="Photo profile"
                className="w-12 mr-3 h-12 border-cyan-500 rounded-full border-2 p-0.5"
                src="john.png"
              />
              <div
                className="block"
              >
                <h3
                  className="font-semibold capitalize -mb-1 truncate w-40"
                >
                  John
                   
                  Doe
                </h3>
                <span
                  className="text-xs text-gray-500"
                >
                  Age: 
                </span>
              </div>
            </div>
            <button
              className="p-2 top-1/2 transform mt-8 -translate-y-1/2"
              onClick={[Function]}
            >
              <svg
                fill="currentColor"
                height="1em"
                stroke="currentColor"
                strokeWidth="0"
                style={
                  {
                    "color": undefined,
                  }
                }
                viewBox="0 0 16 16"
                width="1em"
                xmlns="http://www.w3.org/2000/svg"
              >
                <path
                  d="M9.5 13a1.5 1.5 0 1 1-3 0 1.5 1.5 0 0 1 3 0zm0-5a1.5 1.5 0 1 1-3 0 1.5 1.5 0 0 1 3 0zm0-5a1.5 1.5 0 1 1-3 0 1.5 1.5 0 0 1 3 0z"
                />
              </svg>
            </button>
          </div>
        </li>
      </ul>
    </div>
    <div
      className="hidden sm:w-1/2 md:w-2/3 lg:w-3/4 border-l border-gray-200 sm:flex items-center justify-center text-center overflow-y-auto scrollbar-thumb-blue scrollbar-thumb-rounded scrollbar-track-blue-lighter scrollbar-w-2 scrolling-touch"
    >
      <div
        className="flex-1 p:2 sm:p-6 justify-between flex flex-col h-screen"
      >
        <div
          className="flex sm:items-center justify-between py-3 border-b-2 border-gray-200"
        >
          <div
            className="relative flex items-center space-x-4"
          >
            <div
              className="relative"
            >
              <span
                className="absolute text-green-400 right-0 bottom-0"
              >
                <svg
                  height={20}
                  width={20}
                >
                  <circle
                    cx={8}
                    cy={8}
                    fill="currentColor"
                    r={8}
                  />
                </svg>
              </span>
              <img
                alt="photo profile"
                className="w-10 sm:w-16 h-10 sm:h-16 rounded-full"
              />
            </div>
            <div
              className="-mt-2"
            >
              <span
                className="text-lg mt-1 text-gray-700 font-semibold"
              >
                 
              </span>
              <span
                className="text-sm text-gray-600 ml-2"
              >
                ( Software Dev )
              </span>
            </div>
          </div>
          <div
            className="flex items-center space-x-2"
          >
            <button
              className="inline-flex items-center justify-center rounded-lg border h-10 w-10 transition duration-500 ease-in-out text-gray-500 hover:bg-gray-300 focus:outline-none"
              type="button"
            >
              <svg
                className="h-6 w-6"
                fill="none"
                stroke="currentColor"
                viewBox="0 0 24 24"
                xmlns="http://www.w3.org/2000/svg"
              >
                <path
                  d="M21 21l-6-6m2-5a7 7 0 11-14 0 7 7 0 0114 0z"
                  strokeLinecap="round"
                  strokeLinejoin="round"
                  strokeWidth={2}
                />
              </svg>
            </button>
            <button
              className="inline-flex items-center justify-center rounded-lg border h-10 w-10 transition duration-500 ease-in-out text-gray-500 hover:bg-gray-300 focus:outline-none"
              type="button"
            >
              <svg
                className="h-6 w-6"
                fill="none"
                stroke="currentColor"
                viewBox="0 0 24 24"
                xmlns="http://www.w3.org/2000/svg"
              >
                <path
                  d="M4.318 6.318a4.5 4.5 0 000 6.364L12 20.364l7.682-7.682a4.5 4.5 0 00-6.364-6.364L12 7.636l-1.318-1.318a4.5 4.5 0 00-6.364 0z"
                  strokeLinecap="round"
                  strokeLinejoin="round"
                  strokeWidth={2}
                />
              </svg>
            </button>
            <button
              className="inline-flex items-center justify-center rounded-lg border h-10 w-10 transition duration-500 ease-in-out text-gray-500 hover:bg-gray-300 focus:outline-none"
              type="button"
            >
              <svg
                className="h-6 w-6"
                fill="none"
                stroke="currentColor"
                viewBox="0 0 24 24"
                xmlns="http://www.w3.org/2000/svg"
              >
                <path
                  d="M15 17h5l-1.405-1.405A2.032 2.032 0 0118 14.158V11a6.002 6.002 0 00-4-5.659V5a2 2 0 10-4 0v.341C7.67 6.165 6 8.388 6 11v3.159c0 .538-.214 1.055-.595 1.436L4 17h5m6 0v1a3 3 0 11-6 0v-1m6 0H9"
                  strokeLinecap="round"
                  strokeLinejoin="round"
                  strokeWidth={2}
                />
              </svg>
            </button>
          </div>
        </div>
        <div
          className="flex flex-col h-full justify-start  mt-4 text-start space-y-4 p-3 overflow-y-auto scrollbar-thumb-blue scrollbar-thumb-rounded scrollbar-track-blue-lighter scrollbar-w-2 scrolling-touch"
          id="messages"
        >
          <div
            className="chat-message"
          >
            <div
              className="flex items-end"
            >
              <div
                className="flex flex-col space-y-2 text-sm max-w-xs mx-2 order-2 items-start"
              >
                <div>
                  <span
                    className="px-4 py-2 rounded-lg inline-block rounded-bl-none bg-gray-300 text-gray-600"
                  >
                    <p>
                      Hello, I'm
                       
                      <b>
                         
                      </b>
                    </p>
                    <p>
                      I'm 
                      <b />
                       years old
                    </p>
                    <p>
                      I work as a 
                      <b>
                        Software Dev
                      </b>
                    </p>
                  </span>
                </div>
              </div>
              <img
                alt="photo profile"
                className="w-6 h-6 rounded-full order-1"
              />
            </div>
          </div>
          <div
            className="chat-message"
          >
            <div
              className="flex items-end justify-end"
            >
              <div
                className="flex flex-col space-y-2 text-sm max-w-xs mx-2 order-1 items-end"
              >
                <div>
                  <span
                    className="px-4 py-2 rounded-lg inline-block rounded-br-none bg-cyan-500 text-white "
                  >
                    Welcome to 
                     
                    ! 🎉 We're delighted that you've joined our community. Feel free to explore our fantastic features and start connecting with new friends. If you have any questions, don't hesitate to ask. Enjoy your time!
                  </span>
                </div>
              </div>
              <img
                alt="My profile"
                className="w-6 h-6 rounded-full order-2"
                src="/contact.png"
              />
            </div>
          </div>
        </div>
        <div
          className="border-t-2 pb-3 border-gray-200 px-4 pt-4 mb-2 sm:mb-0"
        >
          <div
            className="relative flex"
          >
            <span
              className="absolute inset-y-0 flex items-center"
            >
              <button
                className="inline-flex items-center justify-center rounded-full h-12 w-12 transition duration-500 ease-in-out text-gray-500 hover:bg-gray-300 focus:outline-none"
                type="button"
              >
                <svg
                  className="h-6 w-6 text-gray-600"
                  fill="none"
                  stroke="currentColor"
                  viewBox="0 0 24 24"
                  xmlns="http://www.w3.org/2000/svg"
                >
                  <path
                    d="M19 11a7 7 0 01-7 7m0 0a7 7 0 01-7-7m7 7v4m0 0H8m4 0h4m-4-8a3 3 0 01-3-3V5a3 3 0 116 0v6a3 3 0 01-3 3z"
                    strokeLinecap="round"
                    strokeLinejoin="round"
                    strokeWidth={2}
                  />
                </svg>
              </button>
            </span>
            <input
              className="w-full focus:outline-none focus:placeholder-gray-400 text-gray-600 placeholder-gray-600 pl-12 bg-gray-200 rounded-md py-3"
              placeholder="Write your message!"
              type="text"
            />
            <div
              className="absolute right-0 items-center inset-y-0 hidden sm:flex"
            >
              <button
                className="inline-flex items-center justify-center rounded-full h-10 w-10 transition duration-500 ease-in-out text-gray-500 hover:bg-gray-300 focus:outline-none"
                type="button"
              >
                <svg
                  className="h-6 w-6 text-gray-600"
                  fill="none"
                  stroke="currentColor"
                  viewBox="0 0 24 24"
                  xmlns="http://www.w3.org/2000/svg"
                >
                  <path
                    d="M15.172 7l-6.586 6.586a2 2 0 102.828 2.828l6.414-6.586a4 4 0 00-5.656-5.656l-6.415 6.585a6 6 0 108.486 8.486L20.5 13"
                    strokeLinecap="round"
                    strokeLinejoin="round"
                    strokeWidth={2}
                  />
                </svg>
              </button>
              <button
                className="inline-flex items-center justify-center rounded-full h-10 w-10 transition duration-500 ease-in-out text-gray-500 hover:bg-gray-300 focus:outline-none"
                type="button"
              >
                <svg
                  className="h-6 w-6 text-gray-600"
                  fill="none"
                  stroke="currentColor"
                  viewBox="0 0 24 24"
                  xmlns="http://www.w3.org/2000/svg"
                >
                  <path
                    d="M3 9a2 2 0 012-2h.93a2 2 0 001.664-.89l.812-1.22A2 2 0 0110.07 4h3.86a2 2 0 011.664.89l.812 1.22A2 2 0 0018.07 7H19a2 2 0 012 2v9a2 2 0 01-2 2H5a2 2 0 01-2-2V9z"
                    strokeLinecap="round"
                    strokeLinejoin="round"
                    strokeWidth={2}
                  />
                  <path
                    d="M15 13a3 3 0 11-6 0 3 3 0 016 0z"
                    strokeLinecap="round"
                    strokeLinejoin="round"
                    strokeWidth={2}
                  />
                </svg>
              </button>
              <button
                className="inline-flex items-center justify-center rounded-full h-10 w-10 transition duration-500 ease-in-out text-gray-500 hover:bg-gray-300 focus:outline-none"
                type="button"
              >
                <svg
                  className="h-6 w-6 text-gray-600"
                  fill="none"
                  stroke="currentColor"
                  viewBox="0 0 24 24"
                  xmlns="http://www.w3.org/2000/svg"
                >
                  <path
                    d="M14.828 14.828a4 4 0 01-5.656 0M9 10h.01M15 10h.01M21 12a9 9 0 11-18 0 9 9 0 0118 0z"
                    strokeLinecap="round"
                    strokeLinejoin="round"
                    strokeWidth={2}
                  />
                </svg>
              </button>
              <button
                aria-label="Send"
                className="inline-flex items-center justify-center rounded-lg px-4 py-3 transition duration-500 ease-in-out text-white bg-blue-900 hover:bg-blue-700 focus:outline-none"
                type="button"
              >
                <span
                  className="font-bold"
                >
                  Send
                </span>
                <svg
                  className="h-6 w-6 ml-2 transform rotate-90"
                  fill="currentColor"
                  viewBox="0 0 20 20"
                  xmlns="http://www.w3.org/2000/svg"
                >
                  <path
                    d="M10.894 2.553a1 1 0 00-1.788 0l-7 14a1 1 0 001.169 1.409l5-1.429A1 1 0 009 15.571V11a1 1 0 112 0v4.571a1 1 0 00.725.962l5 1.428a1 1 0 001.17-1.408l-7-14z"
                  />
                </svg>
              </button>
            </div>
          </div>
        </div>
      </div>
    </div>
  </div>
</div>
`;
