// Jest Snapshot v1, https://goo.gl/fbAQLP

exports[`renders FeatureIcons correctly 1`] = `
<div
  className="grid grid-cols-3 space-x-4 md:space-x-6 md:flex md:justify-center lg:justify-start"
>
  <a
    aria-label="add to slack"
    className="p-4 border border-gray-200 dark:bg-gray-800 dark:border-gray-700 rounded-full duration-300 hover:border-cyan-400 hover:shadow-lg hover:shadow-cyan-600/20 dark:hover:border-cyan-300/30"
    href="#"
  >
    <div
      className="flex justify-center space-x-4"
    >
      <img
        alt="slack logo"
        className="w-6 h-6"
        height={128}
        loading="lazy"
        src="https://tailus.io/sources/blocks/tech-startup/preview/images/slack.png"
        width={128}
      />
      <span
        className="hidden font-medium md:block dark:text-white"
      >
        Slack
      </span>
    </div>
  </a>
  <a
    aria-label="add to chat"
    className="p-4 border border-gray-200 dark:bg-gray-800 dark:border-gray-700 rounded-full duration-300 hover:border-green-400 hover:shadow-lg hover:shadow-lime-600/20 dark:hover:border-green-300/30"
    href="#"
  >
    <div
      className="flex justify-center space-x-4"
    >
      <img
        alt="chat logo"
        className="w-6 h-6"
        height={128}
        loading="lazy"
        src="https://tailus.io/sources/blocks/tech-startup/preview/images/chat.png"
        width={128}
      />
      <span
        className="hidden font-medium md:block dark:text-white"
      >
        Google Chat
      </span>
    </div>
  </a>
  <a
    aria-label="add to zoom"
    className="p-4 border border-gray-200 dark:bg-gray-800 dark:border-gray-700 rounded-full duration-300 hover:border-blue-400 hover:shadow-lg hover:shadow-blue-600/20 dark:hover:border-blue-300/30"
    href="#"
  >
    <div
      className="flex justify-center space-x-4"
    >
      <img
        alt="chat logo"
        className="w-6 h-6"
        height={128}
        loading="lazy"
        src="https://tailus.io/sources/blocks/tech-startup/preview/images/zoom.png"
        width={128}
      />
      <span
        className="hidden font-medium md:block dark:text-white"
      >
        Zoom
      </span>
    </div>
  </a>
</div>
`;
